[21:28:19] [WARN] '[kbd] pre-route key=%s mode=%s' 'g' 'normal'
[21:28:19] [WARN] '[kbd] post-route handled=%s overlay=%s' false null
[21:28:19] [WARN] '[kbd] post-cmd handled=%s mode=%s overlay=%s' true 'aggregate' false
[21:28:19] [WARN] '[kbd] pre-route key=%s mode=%s' 'g' 'aggregate'
[21:28:19] [WARN] '[kbd] post-route handled=%s overlay=%s' true 'aggregateView'
[21:28:19] [WARN] '[kbd] pre-route key=%s mode=%s' 'j' 'aggregate'
[21:28:19] [WARN] '[kbd] post-route handled=%s overlay=%s' true 'aggregateView'
[21:28:19] [WARN] '[kbd] pre-route key=%s mode=%s' 'j' 'aggregate'
[21:28:19] [ERROR] '[scroll-anim-cb] set viewportOffset=0, prev was 0'
[21:28:19] [WARN] '[kbd] post-route handled=%s overlay=%s' true 'aggregateView'
[21:28:23] [WARN] '[kbd] pre-route key=%s mode=%s' 'd' 'aggregate'
[21:28:23] [ERROR] '[scroll-anim-cb] set viewportOffset=0, prev was 0'
[21:28:23] [WARN] '[kbd] post-route handled=%s overlay=%s' true 'aggregateView'
[21:28:23] [WARN] '[kbd] pre-route key=%s mode=%s' 'd' 'aggregate'
[21:28:23] [ERROR] '[scroll-anim-cb] set viewportOffset=0, prev was 0'
[21:28:23] [WARN] '[kbd] post-route handled=%s overlay=%s' true 'aggregateView'
[21:28:23] [WARN] '[kbd] pre-route key=%s mode=%s' 'backspace' 'aggregate'
[21:28:23] [ERROR] '[scroll-anim-cb] set viewportOffset=0, prev was 0'
[21:28:23] [WARN] '[kbd] post-route handled=%s overlay=%s' true 'aggregateView'
[21:28:27] [WARN] '[kbd] pre-route key=%s mode=%s' 'b' 'aggregate'
[21:28:27] [WARN] '[kbd] post-route handled=%s overlay=%s' true 'aggregateView'
[21:28:27] [WARN] '[kbd] pre-route key=%s mode=%s' 'b' 'aggregate'
[21:28:27] [ERROR] '[scroll-anim-cb] set viewportOffset=0, prev was 0'
[21:28:27] [WARN] '[kbd] post-route handled=%s overlay=%s' true 'aggregateView'
[21:28:27] [WARN] '[kbd] pre-route key=%s mode=%s' '`' 'aggregate'
[21:28:27] [WARN] '[kbd] post-route handled=%s overlay=%s' true 'aggregateView'
[21:28:27] [WARN] '[kbd] pre-route key=%s mode=%s' '`' 'aggregate'
[21:28:27] [ERROR] '[scroll-anim-cb] set viewportOffset=0, prev was 0'
[21:28:27] [WARN] '[kbd] post-route handled=%s overlay=%s' true 'aggregateView'
